base referer
rect $classwx_i_f_m_activate_event.html 253,7 399,34
rect $classwx_i_f_m_add_child_event.html 250,58 402,85
rect $classwx_i_f_m_add_top_container_event.html 226,109 426,135
rect $classwx_i_f_m_begin_paint_event.html 245,159 407,186
rect $classwx_i_f_m_calc_rects_event.html 247,210 405,237
rect $classwx_i_f_m_child_event.html 262,261 390,287
rect $classwx_i_f_m_component_button_event.html 223,311 429,338
rect $classwx_i_f_m_component_visibility_changed_event.html 191,362 461,389
rect $classwx_i_f_m_create_floating_window_event.html 209,413 443,439
rect $classwx_i_f_m_delete_component_event.html 223,463 429,490
rect $classwx_i_f_m_destroy_floating_window_event.html 206,514 446,541
rect $classwx_i_f_m_dock_event.html 262,565 390,591
rect $classwx_i_f_m_drag_event.html 263,615 389,642
rect $classwx_i_f_m_end_paint_event.html 250,666 402,693
rect $classwx_i_f_m_float_event.html 262,717 390,743
rect $classwx_i_f_m_floating_move_event.html 237,767 415,794
rect $classwx_i_f_m_floating_size_event.html 241,818 411,845
rect $classwx_i_f_m_float_notify_event.html 245,869 407,895
rect $classwx_i_f_m_focus_event.html 259,919 393,946
rect $classwx_i_f_m_hit_test_event.html 257,970 395,997
rect $classwx_i_f_m_init_drag_event.html 254,1021 398,1047
rect $classwx_i_f_m_key_event.html 266,1071 386,1098
rect $classwx_i_f_m_mouse_event.html 258,1122 394,1149
rect $classwx_i_f_m_new_component_event.html 230,1173 422,1199
rect $classwx_i_f_m_paint_event.html 262,1223 390,1250
rect $classwx_i_f_m_paint_interface_event.html 235,1274 417,1301
rect $classwx_i_f_m_rect_event.html 263,1325 389,1351
rect $classwx_i_f_m_remove_top_container_event.html 213,1375 439,1402
rect $classwx_i_f_m_resize_event.html 257,1426 395,1453
rect $classwx_i_f_m_select_tab_event.html 247,1477 405,1503
rect $classwx_i_f_m_set_child_event.html 251,1527 401,1554
rect $classwx_i_f_m_set_cursor_event.html 247,1578 405,1605
rect $classwx_i_f_m_show_component_event.html 226,1629 426,1655
rect $classwx_i_f_m_show_drop_targets_event.html 225,1679 427,1706
rect $classwx_i_f_m_undock_event.html 255,1730 397,1757
rect $classwx_i_f_m_update_component_event.html 221,1781 431,1807
rect $classwx_i_f_m_update_event.html 255,1831 397,1858
rect $classwx_i_f_m_update_resize_sash_event.html 221,1882 431,1909
